Microchip MPLAB XC8 Compiler V1.31 ()

Linker command line:

--edf=/opt/microchip/xc8/v1.31/dat/en_msgs.txt -cs \
  -h+dist/default/production/project.production.sym \
  --cmf=dist/default/production/project.production.cmf -z -Q16F628 \
  -o/tmp/cgt73ysRc -Mdist/default/production/project.production.map -E1 \
  -ver=XC8 -ASTACK=0A0h-0efh -pstack=STACK -ACONST=00h-0FFhx8 \
  -ACODE=00h-07FFh -ASTRCODE=00h-07FFh -AENTRY=00h-0FFhx8 \
  -ASTRING=00h-0FFhx8 -ACOMMON=070h-07Fh -ABANK0=020h-06Fh \
  -ABANK1=0A0h-0EFh -ABANK2=0120h-014Fh \
  -ARAM=020h-06Fh,0A0h-0EFh,0120h-014Fh \
  -AABS1=020h-07Fh,0A0h-0EFh,0120h-014Fh -ASFR0=00h-01Fh -ASFR1=080h-09Fh \
  -ASFR2=0100h-011Fh -ASFR3=0180h-01EFh \
  -preset_vec=00h,intentry,init,end_init -ppowerup=CODE -pcinit=CODE \
  -pfunctab=CODE -ACONFIG=02007h-02007h -pconfig=CONFIG -DCONFIG=2 \
  -AIDLOC=02000h-02003h -pidloc=IDLOC -DIDLOC=2 -AEEDATA=00h-07Fh/02100h \
  -peeprom_data=EEDATA -DEEDATA=2 -DCODE=2 -DSTRCODE=2 -DSTRING=2 -DCONST=2 \
  -DENTRY=2 -k /tmp/cgtsf8ds7.obj \
  dist/default/production/project.production.obj 

Object code version is 3.11

Machine type is 16F628



                Name                               Link     Load   Length Selector   Space Scale
/tmp/cgtsf8ds7.obj
                end_init                              0        0        1        0       0
                config                             2007     2007        1     400E       0
dist/default/production/project.production.obj
                cinit                               7FC      7FC        4      FF8       0
                text9                               7B8      7B8       3B      F70       0
                text8                               2F0      2F0        A      5E0       0
                text7                               339      339       27      672       0
                text6                               2FA      2FA        B      5F4       0
                text5                               7F3      7F3        7      F70       0
                text4                               360      360       36      6C0       0
                text3                               396      396       4D      72C       0
                text2                               305      305       16      60A       0
                text1                               31B      31B       1E      636       0
                maintext                            3E3      3E3      11D      7C6       0
                cstackBANK0                          20       20        8       20       1
                cstackCOMMON                         70       70        B       70       1
                bssCOMMON                            7D       7D        1       70       1
                bssEEDATA                             0     2100        1     4200       3
                bitbssCOMMON                        3D8       7B        7       70       1     8
                nvCOMMON                             7C       7C        1       70       1
                stringtext                          500      500      2B8        A       0

TOTAL           Name                               Link     Load   Length     Space
        CLASS   STACK          

        CLASS   CONST          

        CLASS   CODE           
                end_init                              0        0        1         0
                cinit                               7FC      7FC        4         0
                text9                               7B8      7B8       3B         0
                text8                               2F0      2F0        A         0
                text7                               339      339       27         0
                text6                               2FA      2FA        B         0
                text5                               7F3      7F3        7         0
                text4                               360      360       36         0
                text3                               396      396       4D         0
                text2                               305      305       16         0
                text1                               31B      31B       1E         0
                maintext                            3E3      3E3      11D         0

        CLASS   STRCODE        
                stringtext                          500      500      2B8         0

        CLASS   ENTRY          

        CLASS   STRING         

        CLASS   COMMON         
                cstackCOMMON                         70       70        B         1
                bssCOMMON                            7D       7D        1         1
                bitbssCOMMON                        3D8       7B        7         1
                nvCOMMON                             7C       7C        1         1

        CLASS   BANK0          
                cstackBANK0                          20       20        8         1

        CLASS   BANK1          

        CLASS   BANK2          

        CLASS   RAM            

        CLASS   ABS1           
                abs_s1                               7E       7E        2         1

        CLASS   SFR0           

        CLASS   SFR1           

        CLASS   SFR2           

        CLASS   SFR3           

        CLASS   CONFIG         
                config                             2007     2007        1         0

        CLASS   IDLOC          

        CLASS   EEDATA         
                bssEEDATA                             0     2100        1         3

        CLASS   BANK3          



SEGMENTS        Name                           Load    Length   Top    Selector   Space  Class     Delta

                reset_vec                      000000  000001  000001         0       0  CODE        2
                cstackBANK0                    000020  000008  000028        20       1  BANK0       1
                cstackCOMMON                   000070  00000E  00007E        70       1  COMMON      1
                text8                          0002F0  00000A  0002FA       5E0       0  CODE        2
                text6                          0002FA  00000B  000305       5F4       0  CODE        2
                text2                          000305  000016  00031B       60A       0  CODE        2
                text1                          00031B  00001E  000339       636       0  CODE        2
                text7                          000339  000027  000360       672       0  CODE        2
                text4                          000360  000036  000396       6C0       0  CODE        2
                text3                          000396  00004D  0003E3       72C       0  CODE        2
                maintext                       0003E3  00011D  000500       7C6       0  CODE        2
                stringtext                     000500  0002B8  0007B8         A       0  STRCODE     2
                text9                          0007B8  000042  0007FA       F70       0  CODE        2
                cinit                          0007FC  000004  000800       FF8       0  CODE        2
                config                         002007  000001  002008      400E       0  CONFIG      2
                bssEEDATA                      002100  000001  002101      4200       3  EEDATA      2


UNUSED ADDRESS RANGES

        Name                Unused          Largest block    Delta
        BANK0            0028-006F             48           1
        BANK1            00A0-00EF             50           1
        BANK2            0120-014F             30           1
        CODE             0001-02EF            2EF           2
                         07FA-07FB              2
        CONST            0001-02EF            100           2
                         07FA-07FB              2
        EEDATA           2101-217F             7F           2
        ENTRY            0001-02EF            100           2
                         07FA-07FB              2
        IDLOC            2000-2003              4           2
        RAM              0028-006F             48           1
                         00A0-00EF             50
                         0120-014F             30
        SFR0             0000-001F             20           1
        SFR1             0080-009F             20           1
        SFR2             0100-011F             20           1
        SFR3             0180-01EF             70           1
        STACK            00A0-00EF             50           1
        STRCODE          0001-02EF            2EF           2
                         07FA-07FB              2
        STRING           0001-02EF            100           2
                         07FA-07FB              2

                                  Symbol Table

_CARRY                    (abs)        0018
_CMCON                    (abs)        001F
_EEADR                    (abs)        009B
_EECON1                   (abs)        009C
_EECON2                   (abs)        009D
_EEDATA                   (abs)        009A
_GIE                      (abs)        005F
_PORTB                    (abs)        0006
_RA0                      (abs)        0028
_RA1                      (abs)        0029
_RA2                      (abs)        002A
_RB7                      (abs)        0037
_RD                       (abs)        04E0
_TRISA0                   (abs)        0428
_TRISA1                   (abs)        0429
_TRISA2                   (abs)        042A
_TRISB                    (abs)        0086
_WR                       (abs)        04E1
_WREN                     (abs)        04E2
__CFG_BOREN$ON            (abs)        0000
__CFG_CP$OFF              (abs)        0000
__CFG_CPD$OFF             (abs)        0000
__CFG_FOSC$INTOSCIO       (abs)        0000
__CFG_LVP$OFF             (abs)        0000
__CFG_MCLRE$OFF           (abs)        0000
__CFG_PWRTE$ON            (abs)        0000
__CFG_WDTE$OFF            (abs)        0000
__Habs1                   abs1         0000
__Hbank0                  bank0        0000
__Hbank1                  bank1        0000
__Hbank2                  bank2        0000
__Hbank3                  bank3        0000
__HbitbssCOMMON           bitbssCOMMON 0000
__HbssCOMMON              bssCOMMON    0000
__HbssEEDATA              bssEEDATA    0000
__Hcinit                  cinit        0800
__Hclrtext                clrtext      0000
__Hcode                   code         0000
__Hcommon                 common       0000
__Hconfig                 config       2008
__HcstackBANK0            cstackBANK0  0000
__HcstackCOMMON           cstackCOMMON 0000
__Heeprom_data            eeprom_data  0000
__Hend_init               end_init     0001
__Hfunctab                functab      0000
__Hidloc                  idloc        0000
__Hinit                   init         0000
__Hintentry               intentry     0000
__Hmaintext               maintext     0000
__HnvCOMMON               nvCOMMON     0000
__Hpowerup                powerup      0000
__Hram                    ram          0000
__Hreset_vec              reset_vec    0000
__Hsfr0                   sfr0         0000
__Hsfr1                   sfr1         0000
__Hsfr2                   sfr2         0000
__Hsfr3                   sfr3         0000
__Hstack                  stack        0000
__Hstrings                strings      0000
__Hstringtext             stringtext   0000
__Htext                   text         0000
__Labs1                   abs1         0000
__Lbank0                  bank0        0000
__Lbank1                  bank1        0000
__Lbank2                  bank2        0000
__Lbank3                  bank3        0000
__LbitbssCOMMON           bitbssCOMMON 0000
__LbssCOMMON              bssCOMMON    0000
__LbssEEDATA              bssEEDATA    0000
__Lcinit                  cinit        07FC
__Lclrtext                clrtext      0000
__Lcode                   code         0000
__Lcommon                 common       0000
__Lconfig                 config       2007
__LcstackBANK0            cstackBANK0  0000
__LcstackCOMMON           cstackCOMMON 0000
__Leeprom_data            eeprom_data  0000
__Lend_init               end_init     0000
__Lfunctab                functab      0000
__Lidloc                  idloc        0000
__Linit                   init         0000
__Lintentry               intentry     0000
__Lmaintext               maintext     0000
__LnvCOMMON               nvCOMMON     0000
__Lpowerup                powerup      0000
__Lram                    ram          0000
__Lreset_vec              reset_vec    0000
__Lsfr0                   sfr0         0000
__Lsfr1                   sfr1         0000
__Lsfr2                   sfr2         0000
__Lsfr3                   sfr3         0000
__Lstack                  stack        0000
__Lstrings                strings      0000
__Lstringtext             stringtext   0000
__Ltext                   text         0000
__S0                      (abs)        2008
__S1                      (abs)        007E
__S2                      (abs)        0000
__S3                      (abs)        2101
___ctoee                  text8        02F0
___ctoee@addr             cstackCOMMON 0077
___ctoee@data             cstackCOMMON 0075
___eetoc                  text6        02FA
___eetoc@addr             cstackCOMMON 0076
___eetoc@data             cstackCOMMON 0077
___int_sp                 stack        0000
___latbits                (abs)        0000
___sp                     stack        0000
__end_of___ctoee          text8        02FA
__end_of___eetoc          text6        0305
__end_of__initialization  cinit        07FE
__end_of__stringtab       stringtext   0512
__end_of_clockCycle       text5        07FA
__end_of_ctrlAscii        stringtext   05F4
__end_of_eecpymem         text7        0360
__end_of_flashPanel       text1        0339
__end_of_main             maintext     0500
__end_of_memcpyee         text9        07F3
__end_of_normalAscii      stringtext   06D6
__end_of_readScanCode     text4        0396
__end_of_sendCommandCode  text3        03E3
__end_of_setPanel         text2        031B
__end_of_shiftAscii       stringtext   07B8
__initialization          cinit        07FC
__pbitbssCOMMON           bitbssCOMMON 03D8
__pbssCOMMON              bssCOMMON    007D
__pbssEEDATA              bssEEDATA    0000
__pcstackBANK0            cstackBANK0  0020
__pcstackCOMMON           cstackCOMMON 0070
__pmaintext               maintext     03E3
__pnvCOMMON               nvCOMMON     007C
__pstringtext             stringtext   0500
__ptext1                  text1        031B
__ptext2                  text2        0305
__ptext3                  text3        0396
__ptext4                  text4        0360
__ptext5                  text5        07F3
__ptext6                  text6        02FA
__ptext7                  text7        0339
__ptext8                  text8        02F0
__ptext9                  text9        07B8
__size_of___ctoee         (abs)        0000
__size_of___eetoc         (abs)        0000
__size_of_clockCycle      (abs)        0000
__size_of_eecpymem        (abs)        0000
__size_of_flashPanel      (abs)        0000
__size_of_main            (abs)        0000
__size_of_memcpyee        (abs)        0000
__size_of_readScanCode    (abs)        0000
__size_of_sendCommandCode (abs)        0000
__size_of_setPanel        (abs)        0000
__stringbase              stringtext   0512
__stringtab               stringtext   0500
_alt                      bitbssCOMMON 03D8
_altGr                    bitbssCOMMON 03D9
_clockCycle               text5        07F3
_commandCode              bssCOMMON    007D
_ctrl                     bitbssCOMMON 03DA
_ctrlAscii                stringtext   0512
_eecpymem                 text7        0339
_extendedKey              bitbssCOMMON 03DB
_flashPanel               text1        031B
_keyUp                    bitbssCOMMON 03DC
_main                     maintext     03E3
_main$61                  cstackBANK0  0020
_main$62                  cstackBANK0  0022
_main$63                  cstackBANK0  0024
_memcpyee                 text9        07B8
_normalAscii              stringtext   05F4
_ps2Default               bssEEDATA    0000
_readScanCode             text4        0360
_scanCode                 nvCOMMON     007C
_sendCommandCode          text3        0396
_setPanel                 text2        0305
_shift                    bitbssCOMMON 03DD
_shiftAscii               stringtext   06D6
_shiftLock                bitbssCOMMON 03DE
btemp                     (abs)        007E
eecpymem@cp               cstackCOMMON 0073
eecpymem@from             cstackCOMMON 0070
eecpymem@size             cstackCOMMON 0071
eecpymem@to               cstackCOMMON 0074
end_of_initialization     cinit        07FE
flashPanel@count          cstackCOMMON 0077
intlevel0                 functab      0000
intlevel1                 functab      0000
intlevel2                 functab      0000
intlevel3                 functab      0000
intlevel4                 functab      0000
intlevel5                 functab      0000
ltemp                     (abs)        007E
ltemp0                    (abs)        007E
ltemp1                    (abs)        0082
ltemp2                    (abs)        0086
ltemp3                    (abs)        0080
main@ascii                cstackBANK0  0027
main@ps2Config            cstackBANK0  0026
memcpyee@from             cstackCOMMON 0070
memcpyee@ptr              cstackCOMMON 0073
memcpyee@size             cstackCOMMON 0071
memcpyee@to               cstackCOMMON 0074
readScanCode@n            cstackCOMMON 0071
reset_vec                 reset_vec    0000
sendCommandCode@n         cstackCOMMON 0071
sendCommandCode@parity    cstackCOMMON 0072
setPanel@leds             cstackCOMMON 0074
stackhi                   (abs)        0000
stacklo                   (abs)        0000
start                     init         0000
start_initialization      cinit        07FC
ttemp                     (abs)        007E
ttemp0                    (abs)        007E
ttemp1                    (abs)        0081
ttemp2                    (abs)        0084
ttemp3                    (abs)        0087
ttemp4                    (abs)        007F
wtemp                     (abs)        007E
wtemp0                    (abs)        007E
wtemp1                    (abs)        0080
wtemp2                    (abs)        0082
wtemp3                    (abs)        0084
wtemp4                    (abs)        0086
wtemp5                    (abs)        0088
wtemp6                    (abs)        007F


FUNCTION INFORMATION:

 *************** function _main *****************
 Defined at:
		line 268 in file "main.c"
 Parameters:    Size  Location     Type
		None
 Auto vars:     Size  Location     Type
  ascii           1    7[BANK0 ] unsigned char 
  ps2Config       1    6[BANK0 ] unsigned char 
 Return value:  Size  Location     Type
		None               void
 Registers used:
		wreg, fsr0l, fsr0h, status,2, status,0, btemp+1, pclath, cstack
 Tracked objects:
		On entry : 
		On exit  : 
		Unchanged: 
 Data sizes:     COMMON   BANK0   BANK1   BANK2
      Params:         0       0       0       0
      Locals:         0       8       0       0
      Temps:          3       0       0       0
      Totals:         3       8       0       0
Total ram usage:       11 bytes
 Hardware stack levels required when called:    4
 This function calls:
		___ctoee
		___eetoc
		_flashPanel
		_readScanCode
		_setPanel
 This function is called by:
		Startup code after reset
 This function uses a non-reentrant model


 *************** function _flashPanel *****************
 Defined at:
		line 251 in file "main.c"
 Parameters:    Size  Location     Type
  count           1    wreg     unsigned char 
 Auto vars:     Size  Location     Type
  count           1    7[COMMON] unsigned char 
 Return value:  Size  Location     Type
		None               void
 Registers used:
		wreg, status,2, status,0, pclath, cstack
 Tracked objects:
		On entry : 
		On exit  : 
		Unchanged: 
 Data sizes:     COMMON   BANK0   BANK1   BANK2
      Params:         0       0       0       0
      Locals:         1       0       0       0
      Temps:          2       0       0       0
      Totals:         3       0       0       0
Total ram usage:        3 bytes
 Hardware stack levels used:    1
 Hardware stack levels required when called:    3
 This function calls:
		_setPanel
 This function is called by:
		_main
 This function uses a non-reentrant model


 *************** function _setPanel *****************
 Defined at:
		line 230 in file "main.c"
 Parameters:    Size  Location     Type
  leds            1    wreg     unsigned char 
 Auto vars:     Size  Location     Type
  leds            1    4[COMMON] unsigned char 
 Return value:  Size  Location     Type
		None               void
 Registers used:
		wreg, status,2, status,0, pclath, cstack
 Tracked objects:
		On entry : 
		On exit  : 
		Unchanged: 
 Data sizes:     COMMON   BANK0   BANK1   BANK2
      Params:         0       0       0       0
      Locals:         1       0       0       0
      Temps:          1       0       0       0
      Totals:         2       0       0       0
Total ram usage:        2 bytes
 Hardware stack levels used:    1
 Hardware stack levels required when called:    2
 This function calls:
		_readScanCode
		_sendCommandCode
 This function is called by:
		_flashPanel
		_main
 This function uses a non-reentrant model


 *************** function _sendCommandCode *****************
 Defined at:
		line 151 in file "main.c"
 Parameters:    Size  Location     Type
		None
 Auto vars:     Size  Location     Type
  parity          1    2[COMMON] unsigned char 
  n               1    1[COMMON] unsigned char 
 Return value:  Size  Location     Type
		None               void
 Registers used:
		wreg, status,2, status,0, pclath, cstack
 Tracked objects:
		On entry : 
		On exit  : 
		Unchanged: 
 Data sizes:     COMMON   BANK0   BANK1   BANK2
      Params:         0       0       0       0
      Locals:         2       0       0       0
      Temps:          1       0       0       0
      Totals:         3       0       0       0
Total ram usage:        3 bytes
 Hardware stack levels used:    1
 Hardware stack levels required when called:    1
 This function calls:
		_clockCycle
 This function is called by:
		_setPanel
 This function uses a non-reentrant model


 *************** function _readScanCode *****************
 Defined at:
		line 192 in file "main.c"
 Parameters:    Size  Location     Type
		None
 Auto vars:     Size  Location     Type
  n               1    1[COMMON] unsigned char 
 Return value:  Size  Location     Type
		None               void
 Registers used:
		wreg, status,2, status,0, pclath, cstack
 Tracked objects:
		On entry : 
		On exit  : 
		Unchanged: 
 Data sizes:     COMMON   BANK0   BANK1   BANK2
      Params:         0       0       0       0
      Locals:         1       0       0       0
      Temps:          1       0       0       0
      Totals:         2       0       0       0
Total ram usage:        2 bytes
 Hardware stack levels used:    1
 Hardware stack levels required when called:    1
 This function calls:
		_clockCycle
 This function is called by:
		_setPanel
		_main
 This function uses a non-reentrant model


 *************** function _clockCycle *****************
 Defined at:
		line 140 in file "main.c"
 Parameters:    Size  Location     Type
		None
 Auto vars:     Size  Location     Type
		None
 Return value:  Size  Location     Type
		None               void
 Registers used:
		None
 Tracked objects:
		On entry : 
		On exit  : 
		Unchanged: 
 Data sizes:     COMMON   BANK0   BANK1   BANK2
      Params:         0       0       0       0
      Locals:         0       0       0       0
      Temps:          0       0       0       0
      Totals:         0       0       0       0
Total ram usage:        0 bytes
 Hardware stack levels used:    1
 This function calls:
		Nothing
 This function is called by:
		_sendCommandCode
		_readScanCode
 This function uses a non-reentrant model


 *************** function ___eetoc *****************
 Defined at:
		line 48 in file "/opt/microchip/xc8/v1.31/sources/pic/eeprom.c"
 Parameters:    Size  Location     Type
  addr            1    wreg     PTR eeprom void 
		 -> ps2Default(1), 
 Auto vars:     Size  Location     Type
  addr            1    6[COMMON] PTR eeprom void 
		 -> ps2Default(1), 
  data            1    7[COMMON] unsigned char 
 Return value:  Size  Location     Type
                  1    wreg      unsigned char 
 Registers used:
		wreg, fsr0l, fsr0h, status,2, status,0, pclath, cstack
 Tracked objects:
		On entry : 
		On exit  : 
		Unchanged: 
 Data sizes:     COMMON   BANK0   BANK1   BANK2
      Params:         0       0       0       0
      Locals:         2       0       0       0
      Temps:          1       0       0       0
      Totals:         3       0       0       0
Total ram usage:        3 bytes
 Hardware stack levels used:    1
 Hardware stack levels required when called:    1
 This function calls:
		_eecpymem
 This function is called by:
		_main
 This function uses a non-reentrant model


 *************** function _eecpymem *****************
 Defined at:
		line 6 in file "/opt/microchip/xc8/v1.31/sources/pic/eeprom.c"
 Parameters:    Size  Location     Type
  to              1    wreg     PTR volatile unsigned ch
		 -> __eetofl@data(3), __eetoft@data(3), __eetol@data(4), __eetom@data(3), 
		 -> __eetoi@data(2), __eetoc@data(1), 
  from            1    0[COMMON] PTR eeprom unsigned char
		 -> ps2Default(1), 
  size            1    1[COMMON] unsigned char 
 Auto vars:     Size  Location     Type
  to              1    4[COMMON] PTR volatile unsigned ch
		 -> __eetofl@data(3), __eetoft@data(3), __eetol@data(4), __eetom@data(3), 
		 -> __eetoi@data(2), __eetoc@data(1), 
  cp              1    3[COMMON] PTR volatile unsigned ch
		 -> __eetofl@data(3), __eetoft@data(3), __eetol@data(4), __eetom@data(3), 
		 -> __eetoi@data(2), __eetoc@data(1), 
 Return value:  Size  Location     Type
		None               void
 Registers used:
		wreg, fsr0l, fsr0h, status,2, status,0
 Tracked objects:
		On entry : 
		On exit  : 
		Unchanged: 
 Data sizes:     COMMON   BANK0   BANK1   BANK2
      Params:         2       0       0       0
      Locals:         2       0       0       0
      Temps:          1       0       0       0
      Totals:         5       0       0       0
Total ram usage:        5 bytes
 Hardware stack levels used:    1
 This function calls:
		Nothing
 This function is called by:
		___eetoc
 This function uses a non-reentrant model


 *************** function ___ctoee *****************
 Defined at:
		line 80 in file "/opt/microchip/xc8/v1.31/sources/pic/eeprom.c"
 Parameters:    Size  Location     Type
  addr            1    wreg     PTR eeprom void 
		 -> ps2Default(1), 
  data            1    5[COMMON] unsigned char 
 Auto vars:     Size  Location     Type
  addr            1    7[COMMON] PTR eeprom void 
		 -> ps2Default(1), 
 Return value:  Size  Location     Type
                  1    wreg      unsigned char 
 Registers used:
		wreg, fsr0l, fsr0h, status,2, status,0, pclath, cstack
 Tracked objects:
		On entry : 
		On exit  : 
		Unchanged: 
 Data sizes:     COMMON   BANK0   BANK1   BANK2
      Params:         1       0       0       0
      Locals:         1       0       0       0
      Temps:          1       0       0       0
      Totals:         3       0       0       0
Total ram usage:        3 bytes
 Hardware stack levels used:    1
 Hardware stack levels required when called:    1
 This function calls:
		_memcpyee
 This function is called by:
		_main
 This function uses a non-reentrant model


 *************** function _memcpyee *****************
 Defined at:
		line 24 in file "/opt/microchip/xc8/v1.31/sources/pic/eeprom.c"
 Parameters:    Size  Location     Type
  to              1    wreg     PTR eeprom unsigned char
		 -> ps2Default(1), 
  from            1    0[COMMON] PTR const unsigned char 
		 -> __fltoee@data(3), __fttoee@data(3), __ltoee@data(4), __mtoee@data(3), 
		 -> __itoee@data(2), __ctoee@data(1), 
  size            1    1[COMMON] unsigned char 
 Auto vars:     Size  Location     Type
  to              1    4[COMMON] PTR eeprom unsigned char
		 -> ps2Default(1), 
  ptr             1    3[COMMON] PTR const unsigned char 
		 -> __fltoee@data(3), __fttoee@data(3), __ltoee@data(4), __mtoee@data(3), 
		 -> __itoee@data(2), __ctoee@data(1), 
 Return value:  Size  Location     Type
		None               void
 Registers used:
		wreg, fsr0l, fsr0h, status,2, status,0
 Tracked objects:
		On entry : 
		On exit  : 
		Unchanged: 
 Data sizes:     COMMON   BANK0   BANK1   BANK2
      Params:         2       0       0       0
      Locals:         2       0       0       0
      Temps:          1       0       0       0
      Totals:         5       0       0       0
Total ram usage:        5 bytes
 Hardware stack levels used:    1
 This function calls:
		Nothing
 This function is called by:
		___ctoee
 This function uses a non-reentrant model



MODULE INFORMATION

Module		Function		Class		Link	Load	Size
shared
		__stringtab    		STRCODE        	0500	0000	18
		_shiftAscii    		STRCODE        	06D6	0000	226
		__initializatio		CODE           	07FC	0000	2
		_normalAscii   		STRCODE        	05F4	0000	226
		_ctrlAscii     		STRCODE        	0512	0000	226

shared estimated size: 698

/opt/microchip/xc8/v1.31/sources/pic/eeprom.c
		_eecpymem      		CODE           	0339	0000	39
		___eetoc       		CODE           	02FA	0000	11
		___ctoee       		CODE           	02F0	0000	10
		_memcpyee      		CODE           	07B8	0000	59

/opt/microchip/xc8/v1.31/sources/pic/eeprom.c estimated size: 119

main.c
		_sendCommandCod		CODE           	0396	0000	77
		_main          		CODE           	03E3	0000	285
		_setPanel      		CODE           	0305	0000	22
		_readScanCode  		CODE           	0360	0000	54
		_clockCycle    		CODE           	07F3	0000	7
		_flashPanel    		CODE           	031B	0000	30

main.c estimated size: 475

