ASxxxx Linker V03.00 + NoICE + sdld,  page 1.
Hexadecimal  [32-Bits]

Area                                    Addr        Size        Decimal Bytes (Attributes)
--------------------------------        ----        ----        ------- ----- ------------
.  .ABS.                            00000000    00000000 =           0. bytes (ABS,CON)

      Value  Global                              Global Defined In Module
      -----  --------------------------------   ------------------------
     00000000  .__.ABS.                           crt0
     00000000  _main                           
     00000000  l__BSS                          
     00000000  l__DATA                         
     00000000  l__GSINIT                       
     00000000  l__HEADER                       
     00000000  l__HEAP                         
     00000000  l__HOME                         
     00000000  s__HEADER                       
     00000000  s__HEADER0                      
     00000001  l__GSFINAL                      
     0000000D  l__HEADER0                      
     0000008A  l__CODE                         
     00000120  s__CODE                         
     000001AA  s__GSFINAL                      
     000001AA  s__GSINIT                       
     000001AA  s__HOME                         
     000001AB  s__BSS                          
     000001AB  s__DATA                         
     000001AB  s__HEAP                         

ASxxxx Linker V03.00 + NoICE + sdld,  page 2.
Hexadecimal  [32-Bits]

Area                                    Addr        Size        Decimal Bytes (Attributes)
--------------------------------        ----        ----        ------- ----- ------------
_CODE                               00000120    0000008A =         138. bytes (REL,CON)

      Value  Global                              Global Defined In Module
      -----  --------------------------------   ------------------------
     00000120  _putchar                           c_bios
     00000120  _putchar_rr_s                      c_bios
     00000135  _putchar_rr_dbs                    c_bios
     0000013A  _getchar                           c_bios
     0000013F  _cls_                              c_bios
     00000145  _getHDgeo_                         c_bios
     00000166  _hdRead_                           c_bios
     00000185  _hdWrite_                          c_bios
     000001A4  __clock                            crt0
     000001A5  _exit                              crt0

ASxxxx Linker V03.00 + NoICE + sdld,  page 3.
Hexadecimal  [32-Bits]

Area                                    Addr        Size        Decimal Bytes (Attributes)
--------------------------------        ----        ----        ------- ----- ------------
_HEADER0                            00000000    0000000D =          13. bytes (ABS,CON)

      Value  Global                              Global Defined In Module
      -----  --------------------------------   ------------------------
ASxxxx Linker V03.00 + NoICE + sdld,  page 4.
Hexadecimal  [32-Bits]

Area                                    Addr        Size        Decimal Bytes (Attributes)
--------------------------------        ----        ----        ------- ----- ------------
_GSINIT                             000001AA    00000000 =           0. bytes (REL,CON)

      Value  Global                              Global Defined In Module
      -----  --------------------------------   ------------------------
     000001AA  gsinit                             crt0

ASxxxx Linker V03.00 + NoICE + sdld,  page 5.
Hexadecimal  [32-Bits]

Area                                    Addr        Size        Decimal Bytes (Attributes)
--------------------------------        ----        ----        ------- ----- ------------
_GSFINAL                            000001AA    00000001 =           1. bytes (REL,CON)

      Value  Global                              Global Defined In Module
      -----  --------------------------------   ------------------------
ASxxxx Linker V03.00 + NoICE + sdld,  page 6.

Files Linked                              [ module(s) ]

c_bios.rel                                [ c_bios ]
zds0.rel                                  [ crt0 ]

ASxxxx Linker V03.00 + NoICE + sdld,  page 7.

User Base Address Definitions

_CODE = 0x0120
_DATA = 0x0000


?ASlink-Warning-Undefined Global '_main' referenced by module 'crt0'
