trs2bin:
Converting [../EXTR_CLEAN/SYS6.SYS] into [sys6]

block type 05 Header 6 (06) bytes, offset=0007
Value: 'SYS6  '
block type 31 Copyright 169 (A9) bytes, offset=00B1
Value: '* * * N O T I C E * * ** PROPRIETARY PROGRAM ** COPYRIGHT (c) 1981  ** BY BURKHARDT MUELLER ** SCANDIANO, ITALIA  ** ALL RIGHTS RESERVED ** * * N O T I C E * * *'
block type 01, payload DE at offset 5200, lenght 220 (DC) bytes in sys6_offset_5200.bin, offset=0190
block type 01, payload 100 at offset 52DF, lenght 254 (FE) bytes in sys6_offset_52DF.bin, offset=0291
block type 01, payload 100 at offset 53DD, lenght 254 (FE) bytes in sys6_offset_52DF.bin, offset=0392
block type 01, payload 78 at offset 54DB, lenght 118 (76) bytes in sys6_offset_52DF.bin, offset=040B
block type 01, payload 2C at offset 5591, lenght 42 (2A) bytes in sys6_offset_5591.bin, offset=0438
block type 01, payload 100 at offset 5700, lenght 254 (FE) bytes in sys6_offset_5700.bin, offset=0539
block type 01, payload 100 at offset 57FE, lenght 254 (FE) bytes in sys6_offset_5700.bin, offset=063A
block type 01, payload 14 at offset 58FC, lenght 18 (12) bytes in sys6_offset_5700.bin, offset=064F
block type 01, payload DC at offset 5914, lenght 218 (DA) bytes in sys6_offset_5914.bin, offset=072C
block type 01, payload 100 at offset 5B00, lenght 254 (FE) bytes in sys6_offset_5B00.bin, offset=082D
block type 01, payload 100 at offset 5BFE, lenght 254 (FE) bytes in sys6_offset_5B00.bin, offset=092E
block type 01, payload 100 at offset 5CFC, lenght 254 (FE) bytes in sys6_offset_5B00.bin, offset=0A2F
block type 01, payload 6F at offset 5DFA, lenght 109 (6D) bytes in sys6_offset_5B00.bin, offset=0A9F
block type 01, payload 100 at offset 5E6A, lenght 254 (FE) bytes in sys6_offset_5E6A.bin, offset=0BA0
block type 01, payload 100 at offset 5F68, lenght 254 (FE) bytes in sys6_offset_5E6A.bin, offset=0CA1
block type 01, payload 69 at offset 6066, lenght 103 (67) bytes in sys6_offset_5E6A.bin, offset=0D0B
block type 02 set address 5200 as execution starting point. File offset 0D0E
