../old/trs2bin:
Converting [BASIC.CMD] into [BASIC]

block type 05 Header 6 (06) bytes, offset=0007
Value: 'BASICB'
block type 01, payload EB at offset 4D00, lenght 233 (E9) bytes in BASIC_offset_4D00.bin, offset=00F3
block type 01, payload 100 at offset 5200, lenght 254 (FE) bytes in BASIC_offset_5200.bin, offset=01F4
block type 01, payload 100 at offset 52FE, lenght 254 (FE) bytes in BASIC_offset_5200.bin, offset=02F5
block type 01, payload 100 at offset 53FC, lenght 254 (FE) bytes in BASIC_offset_5200.bin, offset=03F6
block type 01, payload 100 at offset 54FA, lenght 254 (FE) bytes in BASIC_offset_5200.bin, offset=04F7
block type 01, payload 100 at offset 55F8, lenght 254 (FE) bytes in BASIC_offset_5200.bin, offset=05F8
block type 01, payload 100 at offset 56F6, lenght 254 (FE) bytes in BASIC_offset_5200.bin, offset=06F9
block type 01, payload 100 at offset 57F4, lenght 254 (FE) bytes in BASIC_offset_5200.bin, offset=07FA
block type 01, payload 100 at offset 58F2, lenght 254 (FE) bytes in BASIC_offset_5200.bin, offset=08FB
block type 01, payload 100 at offset 59F0, lenght 254 (FE) bytes in BASIC_offset_5200.bin, offset=09FC
block type 01, payload 100 at offset 5AEE, lenght 254 (FE) bytes in BASIC_offset_5200.bin, offset=0AFD
block type 01, payload 100 at offset 5BEC, lenght 254 (FE) bytes in BASIC_offset_5200.bin, offset=0BFE
block type 01, payload 100 at offset 5CEA, lenght 254 (FE) bytes in BASIC_offset_5200.bin, offset=0CFF
block type 01, payload 100 at offset 5DE8, lenght 254 (FE) bytes in BASIC_offset_5200.bin, offset=0E00
block type 01, payload 100 at offset 5EE6, lenght 254 (FE) bytes in BASIC_offset_5200.bin, offset=0F01
block type 01, payload 100 at offset 5FE4, lenght 254 (FE) bytes in BASIC_offset_5200.bin, offset=1002
block type 01, payload 100 at offset 60E2, lenght 254 (FE) bytes in BASIC_offset_5200.bin, offset=1103
block type 01, payload 100 at offset 61E0, lenght 254 (FE) bytes in BASIC_offset_5200.bin, offset=1204
block type 01, payload 100 at offset 62DE, lenght 254 (FE) bytes in BASIC_offset_5200.bin, offset=1305
block type 01, payload 100 at offset 63DC, lenght 254 (FE) bytes in BASIC_offset_5200.bin, offset=1406
block type 01, payload 100 at offset 64DA, lenght 254 (FE) bytes in BASIC_offset_5200.bin, offset=1507
block type 01, payload 100 at offset 65D8, lenght 254 (FE) bytes in BASIC_offset_5200.bin, offset=1608
block type 01, payload 23 at offset 66D6, lenght 33 (21) bytes in BASIC_offset_5200.bin, offset=162C
block type 02 set address 5BAD as execution starting point. File offset 162F
