trs2bin:
Converting [BASIC.CMD] into [basic]

block type 05 skip 6 (06) bytes.
block type 01 at offset 4D00, lenght 233 (E9) bytes in basic_offset_4D00.bin
block type 01 at offset 5200, lenght 254 (FE) bytes in basic_offset_5200.bin
block type 01 at offset 52FE, lenght 254 (FE) bytes in basic_offset_5200.bin
block type 01 at offset 53FC, lenght 254 (FE) bytes in basic_offset_5200.bin
block type 01 at offset 54FA, lenght 254 (FE) bytes in basic_offset_5200.bin
block type 01 at offset 55F8, lenght 254 (FE) bytes in basic_offset_5200.bin
block type 01 at offset 56F6, lenght 254 (FE) bytes in basic_offset_5200.bin
block type 01 at offset 57F4, lenght 254 (FE) bytes in basic_offset_5200.bin
block type 01 at offset 58F2, lenght 254 (FE) bytes in basic_offset_5200.bin
block type 01 at offset 59F0, lenght 254 (FE) bytes in basic_offset_5200.bin
block type 01 at offset 5AEE, lenght 254 (FE) bytes in basic_offset_5200.bin
block type 01 at offset 5BEC, lenght 254 (FE) bytes in basic_offset_5200.bin
block type 01 at offset 5CEA, lenght 254 (FE) bytes in basic_offset_5200.bin
block type 01 at offset 5DE8, lenght 254 (FE) bytes in basic_offset_5200.bin
block type 01 at offset 5EE6, lenght 254 (FE) bytes in basic_offset_5200.bin
block type 01 at offset 5FE4, lenght 254 (FE) bytes in basic_offset_5200.bin
block type 01 at offset 60E2, lenght 254 (FE) bytes in basic_offset_5200.bin
block type 01 at offset 61E0, lenght 254 (FE) bytes in basic_offset_5200.bin
block type 01 at offset 62DE, lenght 254 (FE) bytes in basic_offset_5200.bin
block type 01 at offset 63DC, lenght 254 (FE) bytes in basic_offset_5200.bin
block type 01 at offset 64DA, lenght 254 (FE) bytes in basic_offset_5200.bin
block type 01 at offset 65D8, lenght 254 (FE) bytes in basic_offset_5200.bin
block type 01 at offset 66D6, lenght 33 (21) bytes in basic_offset_5200.bin
block type 02 set address 5BAD as execution starting point.
