Machine type is Z80

p:zminit.obj    data         4387       B9	text         3047      400
p:main.obj      

p:libx.lib

p:libc.lib
gets.obj        text         3447       BE
fopen.obj       text         3505       4B
freopen.obj     text         3550      135
fseek.obj       text         3685      2C3
fread.obj       text         3948       93
fscanf.obj      text         39DB       22
doscan.obj      text         39FD      4C5	bss          4440        2
ungetc.obj      text         3EC2       81
fgetc.obj       text         3F43       84
filbuf.obj      text         3FC7       BB
seek.obj        text         4082      181
creat.obj       text         4203       7A
unlink.obj      text         427D       5F
asallsh.obj     text         42DC       12
allsh.obj       text         42EE       11
lrelop.obj      text         42FF       23
lsub.obj        text         4322       10
lmul.obj        text         4332       3F
strncpy.obj     text         4371       16

TOTAL		Name         Link     Load   Length
		(abs)           0        0        0
		data         4387     4387       B9
		text         3047     3047     1340
		bss          4440     4440        2

                                  Symbol Table

EXITSTS              (abs) 0080  _BFlag               (abs) 287C
_Baudtable           (abs) 2AD4  _Blklen              (abs) 2B00
_Book                (abs) 3032  _Buf                 (abs) 2FA4
_Bufsize             (abs) 2B06  _Buftop              (abs) 3026
_Cfgfile             (abs) 28C6  _Chardelay           (abs) 2ACE
_Configovly          (abs) 28DA  _Crcflag             (abs) 2AF4
_Currdrive           (abs) 3024  _Current             (abs) 2F9B
_Curruser            (abs) 3034  _Dialing             (abs) 2F59
_FDx                 (abs) 2880  _Filter              (abs) 2886
_FirsTerm            (abs) 2AD2  _Inhost              (abs) 2AA2
_Initovly            (abs) 28E3  _Invokdrive          (abs) 2FA2
_Invokuser           (abs) 3038  _KbMacro             (abs) 28FE
_Lastkey             (abs) 2F5F  _Lastlog             (abs) 2F63
_Line                (abs) 2A97  _Linedelay           (abs) 2AD0
_Logfile             (abs) 28B2  _MainBuffer          (abs) 2F5D
_Maxdrive            (abs) 2AA0  _Mci                 (abs) 2AA4
_Modem               (abs) 29DA  _Msgfile             (abs) 288A
_Mspeed              (abs) 2B0C  _Nozmodem            (abs) 2AFE
_Online              (abs) 2884  _Overdrive           (abs) 3036
_Overuser            (abs) 3028  _PFlag               (abs) 287E
_ParityMask          (abs) 2888  _Pbufsiz             (abs) 2A9E
_Phonefile           (abs) 289E  _Prtbottom           (abs) 2F61
_Prtbuf              (abs) 2F57  _Prthead             (abs) 302C
_Prttail             (abs) 302E  _Prttop              (abs) 302A
_QuitFlag            (abs) 2AF0  _RemEcho             (abs) 2882
_Sending             (abs) 2AFA  _Sprint              (abs) 2AB9
_StopFlag            (abs) 2AF2  _Stopped             (abs) 2B0A
_Termovly            (abs) 28EC  _Thefcb              (abs) 2F77
_TxtPtr              (abs) 2B08  _Userid              (abs) 3030
_Userover            (abs) 2F5B  _Version             data  4387
_Wantfcs32           (abs) 2B10  _Wheel               (abs) 2B0E
_Xferovly            (abs) 28F5  _Xmodem              (abs) 2B02
_XonXoff             (abs) 2AF6  _XonXoffOk           (abs) 2AF8
_Zmodem              (abs) 2AFC  _Zrwindow            (abs) 2B04
__Hbss               (abs) 8254  __Hdata              (abs) 2F46
__Htext              (abs) 287B  __Lbss               (abs) 2F46
__Ldata              (abs) 287B  __Ltext              (abs) 0000
__argc_              (abs) 824E  __bufallo            (abs) 18ED
__buffree            (abs) 1917  __cleanup            (abs) 17E1
__cpm_clean          (abs) 2352  __cpm_sdcc_heap      (abs) 2D06
__cpm_sdcc_heap_free (abs) 2D0A  __cpm_sdcc_heap_size (abs) 2D08
__ctype_             (abs) 2EB4  __doprnt             (abs) 1430
__doscan             text  3AAD  __exit               (abs) 23B5
__fcb                (abs) 2D64  __filbuf             text  3FC7
__flsbuf             (abs) 173A  __fsize              text  4082
__getargs            (abs) 1949  __init_heap          (abs) 10B2
__iob                (abs) 2D13  __pnum               (abs) 24FA
__putrno             (abs) 2374  __sibuf              (abs) 804C
__sigchk             (abs) 228D  _addu                (abs) 086A
_allocerror          (abs) 094F  _atoi                (abs) 23D0
_bdos                (abs) 22F3  _bdoshl              (abs) 2311
_bios                (abs) 2327  _bmove               (abs) 2774
_box                 (abs) 0D68  _brk                 (abs) 27B7
_checksp             (abs) 27EB  _chrin               (abs) 08A2
_close               (abs) 1ED9  _clrbox              (abs) 0EAB
_cls                 (abs) 0155  _cpm_free            (abs) 1212
_cpm_malloc          (abs) 10E8  _creat               text  4203
_ctr                 (abs) 0C17  _deinitv             (abs) 0170
_deldrive            (abs) 086B  _dio                 (abs) 0899
_dtroff              (abs) 0179  _dtron               (abs) 0176
_exit                (abs) 1933  _fc_parse            (abs) 2053
_fclose              (abs) 1806  _fflush              (abs) 186D
_fgetc               text  3F43  _fgets               text  3447
_filelength          (abs) 0B36  _flush               (abs) 08C1
_fopen               text  3505  _fputc               (abs) 16E2
_fread               text  3948  _freopen             text  3550
_fscanf              text  39DB  _fseek               text  3774
_fstat               (abs) 0AF5  _ftell               text  38C7
_getchi              (abs) 08AF  _getconfig           text  3157
_getfcb              (abs) 1F71  _getfirst            (abs) 0BC7
_getnext             (abs) 0BF9  _gets                text  34BF
_getuid              (abs) 22CD  _getvars             (abs) 018B
_getvarsr            (abs) 013D  _grabmem             (abs) 077F
_hidecurs            (abs) 015E  _index               (abs) 2418
_initace             (abs) 017C  _initializemodem     text  312A
_initv               (abs) 016D  _isin                (abs) 0A37
_kbwait              (abs) 098F  _killlabel           (abs) 0D25
_locate              (abs) 0152  _lseek               text  4151
_main                (abs) 053D  _max                 (abs) 2484
_mcharinp            (abs) 0F4D  _mcharout            (abs) 0F6C
_mchin               (abs) 0143  _mchout              (abs) 0146
_mdmerror            (abs) 0173  _mgetchar            (abs) 0D28
_minprdy             (abs) 0F7D  _minterru            (abs) 016A
_mirdy               (abs) 014C  _moutrdy             (abs) 0149
_movmem              (abs) 2774  _mrd                 (abs) 0140
_mread               (abs) 0EEF  _mstrout             (abs) 0A7C
_mswait              (abs) 0182  _opabort             (abs) 0C3D
_open                (abs) 1997  _openerror           (abs) 08F0
_ovbgn               (abs) 3047  _ovloader            (abs) 0F93
_ovmain              text  3047  _ovsize              (abs) 132D
_ovstart             (abs) 132F  _perror              (abs) 0973
_printf              (abs) 13D0  _purgeline           (abs) 08E3
_putc8               (abs) 0194  _putfcb              (abs) 1FB0
_putlabel            (abs) 0CF0  _read                (abs) 1A55
_readline            (abs) 0CDA  _readock             (abs) 0C75
_readstr             (abs) 09D6  _report              (abs) 0A5D
_reset               (abs) 07EE  _resetace            text  3410
_restcurs            (abs) 0167  _roundup             (abs) 0B94
_savecurs            (abs) 0164  _sbrk                (abs) 27BF
_screenpr            (abs) 013D  _sendbrk             (abs) 014F
_setfcb              (abs) 1FC3  _setport             (abs) 018E
_setuid              (abs) 22E1  _showcurs            (abs) 0161
_signal              (abs) 225A  _stindex             (abs) 1331
_stndend             (abs) 015B  _stndout             (abs) 0158
_strcat              (abs) 27FA  _strcpy              (abs) 2815
_strlen              (abs) 2827  _strncpy             text  4371
_title               text  30B8  _udbg                (abs) 0191
_ungetc              text  3EC2  _unlink              text  427D
_userin              (abs) 0185  _userout             (abs) 0188
_wait                (abs) 017F  _wrerror             (abs) 0933
_write               (abs) 1CBD  _xfgets              text  3351
abort                (abs) 01A0  adiv                 (abs) 24A1
aladd                (abs) 2453  aldiv                (abs) 26A0
allsh                text  42EE  almod                (abs) 26C7
almul                text  4332  alrsh                (abs) 27A3
alsub                text  4322  amod                 (abs) 2492
amul                 (abs) 2784  arelop               text  42FF
arg                  (abs) 0006  asaladd              (abs) 23C0
asaldiv              (abs) 268B  asallsh              text  42DC
asalmod              (abs) 26D9  asamul               (abs) 2409
aslladd              (abs) 23C0  aslldiv              (abs) 26BF
aslllsh              text  42DC  asllmod              (abs) 26EC
aslmul               (abs) 2409  bdos                 (abs) 0005
brelop               (abs) 2461  cout                 (abs) 0206
cr                   (abs) 000D  cret                 (abs) 2841
csv                  (abs) 2835  entry                (abs) 0005
func                 (abs) 0006  indir                (abs) 2848
iregset              (abs) 242D  iregstore            (abs) 2447
ldiv                 (abs) 249C  lf                   (abs) 000A
lladd                (abs) 2453  lldiv                (abs) 26B3
lllsh                text  42EE  llmod                (abs) 26E1
llmul                text  4332  llsub                text  4322
lmod                 (abs) 2497  lmul                 (abs) 2784
lrelop               text  42FF  ncsv                 (abs) 2849
nularg               (abs) 2D53  print                (abs) 01F9
print1               (abs) 01FA  print2               (abs) 0201
rcsv                 (abs) 285D  sguid                (abs) 0020
size                 (abs) 5000  start                (abs) 0100
startup              (abs) 1946  userdef              (abs) 013D
wrelop               (abs) 2475  
