Machine type is Z80

p:zmxfer.obj    text         3036      A16	data         76D8      6F7
		bss          82EB      53D

p:zmxfer.lib
p:zmxfer2.obj   text         3A4C      ADE	data         7DCF       E3
		bss          8828       5E
p:zmxfer3.obj   text         452A      8AE	data         7EB2       46
		bss          8886       24
p:zmxfer4.obj   text         4DD8      81A	data         7EF8      1B7
		bss          88AA       24
p:zmxfer5.obj   text         55F2      91B	data         80AF       68
		bss          88CE       3F
p:zzm.obj       text         5F0D      9F0	data         8117      188
		bss          890D       97
p:zzm2.obj      text         68FD      64A	data         829F       4C
		bss          89A4       22
p:main.obj      

p:libx.lib
p:getline.obj   text         6F47       2B

p:libc.lib
sprintf.obj     text         6F72       41	bss          89C6        8
gets.obj        text         6FB3       BE
fgetc.obj       text         7071       84
filbuf.obj      text         70F5       BB
seek.obj        text         71B0      181
rename.obj      text         7331       61
creat.obj       text         7392       7A
unlink.obj      text         740C       5F
getch.obj       text         746B       B5	bss          89CE        2
memset.obj      text         7520       2B
asallsh.obj     text         754B       12
allsh.obj       text         755D       11
asalrsh.obj     text         756E       12
asdiv.obj       text         7580       1E
aslmul.obj      text         759E        9
land.obj        text         75A7       15
longjmp.obj     text         75BC       53
lor.obj         text         760F       15
lrelop.obj      text         7624       23
lsub.obj        text         7647       10
lxor.obj        text         7657       15
lmul.obj        text         766C       3F
shar.obj        text         76AB       10
shll.obj        text         76BB        D
shlr.obj        text         76C8       10

TOTAL		Name         Link     Load   Length
		(abs)           0        0        0
		text         3036     3036     46A2
		data         76D8     76D8      C13
		bss          82EB     82EB      6E5

                                  Symbol Table

EXITSTS              (abs) 0080  _Attn                bss   8945
_BFlag               (abs) 286B  _Baudrate            bss   89A0
_Baudtable           (abs) 2AC3  _Beenhereb4          bss   8868
_Blklen              (abs) 2AEF  _Book                (abs) 3021
_Buf                 (abs) 2F93  _Bufsize             (abs) 2AF5
_Buftop              (abs) 3015  _Bytcnt              bss   887C
_Cfgfile             (abs) 28B5  _Chardelay           (abs) 2ABD
_Configovly          (abs) 28C9  _Cpbufsize           bss   8982
_Cpindex             data  8123  _Cpmbuf              bss   8939
_Crc32               bss   8943  _Crc32t              bss   8980
_Crcflag             (abs) 2AE3  _Currdrive           (abs) 3013
_Current             (abs) 2F8A  _Curruser            (abs) 3023
_Dialing             (abs) 2F48  _Dontread            bss   8874
_Eofseen             bss   898A  _Errors              bss   899B
_FDx                 (abs) 286F  _Fd                  bss   8941
_Filcnt              bss   8882  _Filter              (abs) 2875
_FirsTerm            (abs) 2AC1  _Firstsec            bss   893B
_Fs                  bss   8969  _Incnt               bss   887A
_Inhost              (abs) 2A91  _Initovly            (abs) 28D2
_Invokdrive          (abs) 2F91  _Invokuser           (abs) 3027
_KbMacro             (abs) 28ED  _Lastkey             (abs) 2F4E
_Lastlog             (abs) 2F52  _Lastn               bss   8880
_Lastread            bss   886A  _Lastrx              bss   8992
_Lastsync            bss   8870  _Line                (abs) 2A86
_Linedelay           (abs) 2ABF  _Logfile             (abs) 28A1
_Lrxpos              bss   8986  _MainBuffer          (abs) 2F4C
_Maxdrive            (abs) 2A8F  _Mci                 (abs) 2A93
_Modem               (abs) 29C9  _Msgfile             (abs) 2879
_Mspeed              (abs) 2AFB  _Myattn              data  7DCF
_Nflag               data  811D  _Noeofseen           bss   8878
_Nozmodem            (abs) 2AED  _Online              (abs) 2873
_Overdrive           (abs) 3025  _Overuser            (abs) 3017
_PFlag               (abs) 286D  _ParityMask          (abs) 2877
_Pbufsiz             (abs) 2A8D  _Phonefile           (abs) 288D
_Prtbottom           (abs) 2F50  _Prtbuf              (abs) 2F46
_Prthead             (abs) 301B  _Prttail             (abs) 301D
_Prttop              (abs) 3019  _Quiet               data  811B
_QuitFlag            (abs) 2ADF  _RemEcho             (abs) 2871
_Rxascii             data  8121  _Rxbinary            data  811F
_Rxbuflen            data  7DD4  _Rxcount             bss   8994
_Rxflags             data  7DD6  _Rxframeind          bss   8966
_Rxhdr               bss   8996  _Rxpos               bss   897A
_Rxptr               bss   88CA  _Rxtimeout           data  8125
_Rxtype              bss   897E  _Secbuf              bss   8984
_Sending             (abs) 2AE9  _Sprint              (abs) 2AA8
_StopFlag            (abs) 2AE1  _Stopped             (abs) 2AF9
_Termovly            (abs) 28DB  _Thefcb              (abs) 2F66
_Totsecs             bss   886E  _Tryzhdrtype         bss   88CC
_Txbuf               bss   8866  _Txfcs32             bss   8990
_Txhdr               bss   893D  _Txpos               bss   898C
_TxtPtr              (abs) 2AF7  _Txwcnt              bss   8876
_Txwindow            data  7DD2  _Txwspac             bss   8884
_Userid              (abs) 301F  _Userover            (abs) 2F4A
_Verbose             data  8119  _Wantfcs32           (abs) 2AFF
_Wcsmask             data  8117  _Wheel               (abs) 2AFD
_Xferovly            (abs) 28E4  _Xmodem              (abs) 2AF1
_XonXoff             (abs) 2AE5  _XonXoffOk           (abs) 2AE7
_Zconv               bss   899A  _Zctlesc             bss   89A2
_Zmanag              bss   899F  _Zmodem              (abs) 2AEB
_Znulls              bss   899D  _Zrwindow            (abs) 2AF3
_Ztrans              bss   8968  __Hbss               (abs) 8243
__Hdata              (abs) 2F35  __Htext              (abs) 286A
__Lbss               (abs) 2F35  __Ldata              (abs) 286A
__Ltext              (abs) 0000  __argc_              (abs) 823D
__bufallo            (abs) 18DC  __buffree            (abs) 1906
__cleanup            (abs) 17D0  __cpm_clean          (abs) 2341
__cpm_sdcc_heap      (abs) 2CF5  __cpm_sdcc_heap_free (abs) 2CF9
__cpm_sdcc_heap_size (abs) 2CF7  __ctype_             (abs) 2EA3
__doprnt             (abs) 141F  __exit               (abs) 23A4
__fcb                (abs) 2D53  __filbuf             text  70F5
__flsbuf             (abs) 1729  __fsize              text  71B0
__getargs            (abs) 1938  __init_heap          (abs) 10A1
__iob                (abs) 2D02  __pnum               (abs) 24E9
__putrno             (abs) 2363  __sibuf              (abs) 803B
__sigchk             (abs) 227C  _ackbibi             text  5E0E
_addu                (abs) 086A  _allocerror          (abs) 094F
_asciisend           text  3359  _atoi                (abs) 23BF
_atol                text  5E60  _bdos                (abs) 22E2
_bdoshl              (abs) 2300  _bios                (abs) 2316
_bmove               (abs) 2763  _box                 (abs) 0D6F
_bringin             text  3142  _brk                 (abs) 27A6
_canit               text  55BE  _checkpath           text  34AF
_checksp             (abs) 27DA  _chrin               (abs) 08A2
_close               (abs) 1EC8  _closeit             text  5D6E
_clrbox              (abs) 0EB2  _clrline             text  5699
_clrreports          text  55CE  _cls                 (abs) 0155
_cpm_free            (abs) 1201  _cpm_malloc          (abs) 10D7
_crcrept             text  5BC8  _creat               text  7392
_ctr                 (abs) 0C17  _curfname            bss   871D
_deinitv             (abs) 0170  _deldrive            (abs) 086B
_dio                 (abs) 0899  _dreport             text  5627
_dtroff              (abs) 0179  _dtron               (abs) 0176
_endstat             text  3207  _exit                (abs) 1922
_fc_parse            (abs) 2042  _fclose              (abs) 17F5
_fflush              (abs) 185C  _fgetc               text  7071
_fgets               text  6FB3  _filbuf              text  4450
_filelength          (abs) 0B36  _flush               (abs) 08C1
_fputc               (abs) 16D1  _frametypes          data  8127
_freepath            text  3726  _fstat               (abs) 0AF5
_getch               text  746B  _getche              text  74A8
_getchi              (abs) 08AF  _getfcb              (abs) 1F60
_getfirst            (abs) 0BC7  _getinsync           text  4B76
_getline             text  6F47  _getnak              text  3F91
_getnext             (abs) 0BF9  _getpathname         text  3660
_gets                text  702B  _getuid              (abs) 22BC
_getvars             (abs) 018B  _getvarsr            (abs) 013D
_getzrxinit          text  452A  _grabmem             (abs) 077F
_hidecurs            (abs) 015E  _hwio                (abs) 0191
_index               (abs) 2407  _initace             (abs) 017C
_initv               (abs) 016D  _isin                (abs) 0A37
_itoa                text  3DF9  _jb_stop             bss   8820
_kbhit               text  750C  _kbwait              (abs) 098F
_killlabel           (abs) 0D2C  _linetolist          text  36B0
_loc_vector          bss   851F  _locate              (abs) 0152
_longjmp             text  75E9  _lreport             text  5647
_lseek               text  727F  _ltoa                text  3EA6
_main                (abs) 053D  _max                 (abs) 2473
_mcharinp            (abs) 0F54  _mcharout            (abs) 0F5B
_mchin               (abs) 0143  _mchout              (abs) 0146
_mdmerror            (abs) 0173  _memset              text  7520
_mgetchar            (abs) 0D2F  _minprdy             (abs) 0F6C
_minterru            (abs) 016A  _mirdy               (abs) 014C
_moutrdy             (abs) 0149  _movmem              (abs) 2763
_mrd                 (abs) 0140  _mread               (abs) 0EF6
_mstrout             (abs) 0A7C  _mswait              (abs) 0182
_newload             text  44A2  _noxrd7              text  6E1C
_opabort             (abs) 0C3D  _open                (abs) 1986
_openerror           (abs) 08F0  _ovbgn               (abs) 3036
_ovloader            (abs) 0F82  _ovmain              text  3036
_ovsize              (abs) 131C  _ovstart             (abs) 131E
_perror              (abs) 0973  _printf              (abs) 13BF
_process_flist       text  375C  _procheader          text  54C0
_protocol            text  324C  _purgeline           (abs) 08E3
_putc8               (abs) 0194  _putch               text  74E5
_putfcb              (abs) 1F9F  _putlabel            (abs) 0CF7
_putsec              text  5BF3  _rclhdr              text  6EAC
_read                (abs) 1A44  _readline            (abs) 0CE1
_readock             (abs) 0C7C  _readstr             (abs) 09D6
_rename              text  7331  _report              (abs) 0A5D
_reset               (abs) 07EE  _restcurs            (abs) 0167
_roundup             (abs) 0B94  _rzfile              text  58D0
_rzmfile             text  588E  _savecurs            (abs) 0164
_saybibi             text  4CF9  _sbrk                (abs) 27AE
_screenpr            (abs) 013D  _sendbrk             (abs) 014F
_sendout             text  305D  _sendzsinit          text  460F
_setfcb              (abs) 1FB2  _setjmp              text  75BC
_setport             (abs) 018E  _setuid              (abs) 22D0
_showcurs            (abs) 0161  _signal              (abs) 2249
_slabel              text  4DC3  _sprintf             text  6F72
_sreport             text  566F  _statrep             text  5BA4
_stindex             (abs) 1320  _stndend             (abs) 015B
_stndout             (abs) 0158  _stohdr              text  6E63
_strcat              (abs) 27E9  _strcpy              (abs) 2804
_strlen              (abs) 2816  _substr              text  5589
_testexist           text  5CE0  _testrxc             text  35C2
_tfclose             text  4DB0  _tryz                text  56AD
_ttime               text  4D44  _ungetch             text  74D7
_unlink              text  740C  _updc32              text  3315
_updcrc              text  32DD  _userin              (abs) 0185
_userout             (abs) 0188  _vcount              bss   851D
_wait                (abs) 017F  _wcgetsec            text  51EC
_wcputsec            text  41E6  _wcreceive           text  4DD8
_wcrx                text  5040  _wcrxpn              text  4FCD
_wcs                 text  3BF3  _wcsend              text  3A4C
_wctx                text  401F  _wctxpn              text  3CCC
_wrerror             (abs) 0933  _write               (abs) 1CAC
_xmchout             text  35AA  _zdlread             text  6CEA
_zgeth1              text  6C6F  _zgethdr             text  6690
_zgethex             text  6C5F  _zmputs              text  5C8A
_zperr               text  55F2  _zputhex             text  6B78
_zrb32hdr            text  69B9  _zrbhdr              text  68FD
_zrdat32             text  64BC  _zrdata              text  635A
_zrhhdr              text  6AA4  _zsbh32              text  600F
_zsbhdr              text  5F0D  _zsda32              text  628C
_zsdata              text  61B5  _zsendfile           text  46A6
_zsendline           text  6BB0  _zshhdr              text  60D4
_zsndfdata           text  47A8  abort                (abs) 01A0
adiv                 (abs) 2490  aladd                (abs) 2442
aland                text  75A7  aldiv                (abs) 268F
allsh                text  755D  almod                (abs) 26B6
almul                text  766C  alor                 text  760F
alrsh                (abs) 2792  alsub                text  7647
alxor                text  7657  amod                 (abs) 2481
amul                 (abs) 2773  arelop               text  7624
arg                  (abs) 0006  asadiv               text  7580
asaladd              (abs) 23AF  asaldiv              (abs) 267A
asallsh              text  754B  asalmod              (abs) 26C8
asalmul              text  759E  asalrsh              text  756E
asamul               (abs) 23F8  asldiv               text  758F
aslladd              (abs) 23AF  aslldiv              (abs) 26AE
aslllsh              text  754B  asllmod              (abs) 26DB
asllmul              text  759E  aslmul               (abs) 23F8
bdos                 (abs) 0005  brelop               (abs) 2450
cout                 (abs) 0206  cr                   (abs) 000D
cret                 (abs) 2830  csv                  (abs) 2824
entry                (abs) 0005  func                 (abs) 0006
indir                (abs) 2837  iregset              (abs) 241C
iregstore            (abs) 2436  ldiv                 (abs) 248B
lf                   (abs) 000A  lladd                (abs) 2442
lland                text  75A7  lldiv                (abs) 26A2
lllsh                text  755D  llmod                (abs) 26D0
llmul                text  766C  llor                 text  760F
llsub                text  7647  llxor                text  7657
lmod                 (abs) 2486  lmul                 (abs) 2773
lrelop               text  7624  ncsv                 (abs) 2838
nularg               (abs) 2D42  print                (abs) 01F9
print1               (abs) 01FA  print2               (abs) 0201
rcsv                 (abs) 284C  sguid                (abs) 0020
shal                 text  76BB  shar                 text  76AB
shll                 text  76BB  shlr                 text  76C8
size                 (abs) 5000  start                (abs) 0100
startup              (abs) 1935  userdef              (abs) 013D
wrelop               (abs) 2464  
