Machine type is Z80

p:zmxfer.obj    text         37B0      602	data         7620      6B4
		bss          813E       27

p:zmxfer.lib
p:zmxfer2.obj   text         3DB2      ADE	data         7CD4       E3
		bss          8165       5E
p:zmxfer3.obj   text         4890      8AE	data         7DB7       46
		bss          81C3       24
p:zmxfer4.obj   text         513E      71E	data         7DFD       DB
		bss          81E7       24
p:zmxfer5.obj   text         585C      924	data         7ED8       92
		bss          820B       3F
p:zzm.obj       text         6180      9F0	data         7F6A      188
		bss          824A       97
p:zzm2.obj      text         6B70      64A	data         80F2       4C
		bss          82E1       22
p:main.obj      

p:libx.lib

p:libc.lib
seek.obj        text         71BA      181
rename.obj      text         733B       61
creat.obj       text         739C       7A
unlink.obj      text         7416       5F
memset.obj      text         7475       2B
asallsh.obj     text         74A0       12
allsh.obj       text         74B2       11
asalrsh.obj     text         74C3       12
asdiv.obj       text         74D5       1E
aslmul.obj      text         74F3        9
land.obj        text         74FC       15
longjmp.obj     text         7511       53
lor.obj         text         7564       15
lrelop.obj      text         7579       23
lsub.obj        text         759C       10
lxor.obj        text         75AC       15
lmul.obj        text         75C1       3F
shar.obj        text         7600       10
shlr.obj        text         7610       10

TOTAL		Name         Link     Load   Length
		(abs)           0        0        0
		text         37B0     37B0     3E70
		data         7620     7620      B1E
		bss          813E     813E      1C5

                                  Symbol Table

EXITSTS        (abs) 0080  _Attn          bss   8282
_BFlag         (abs) 2F1A  _Baudrate      bss   82DD
_Baudtable     (abs) 3172  _Beenhereb4    bss   81A5
_Blklen        (abs) 319E  _Book          (abs) 3782
_Buf           (abs) 3674  _Bufsize       (abs) 31A4
_Buftop        (abs) 3776  _Bytcnt        bss   81B9
_Cfgfile       (abs) 2F64  _Chardelay     (abs) 316C
_Configovly    (abs) 2F78  _Cpbufsize     bss   82BF
_Cpindex       data  7F76  _Cpmbuf        bss   8276
_Crc32         bss   8280  _Crc32t        bss   82BD
_Crcflag       (abs) 3192  _Currdrive     (abs) 36F4
_Current       (abs) 366B  _Curruser      (abs) 3784
_Dialing       (abs) 3629  _Dontread      bss   81B1
_Eofseen       bss   82C7  _Errors        bss   82D8
_FDx           (abs) 2F1E  _Fd            bss   827E
_Filcnt        bss   81BF  _Filter        (abs) 2F24
_FirsTerm      (abs) 3170  _Firstsec      bss   8278
_Fs            bss   82A6  _Incnt         bss   81B7
_Inhost        (abs) 3140  _Initovly      (abs) 2F81
_Invokdrive    (abs) 3672  _Invokuser     (abs) 3788
_KbMacro       (abs) 2F9C  _Lastkey       (abs) 362F
_Lastlog       (abs) 3633  _Lastn         bss   81BD
_Lastread      bss   81A7  _Lastrx        bss   82CF
_Lastsync      bss   81AD  _Line          (abs) 3135
_Linedelay     (abs) 316E  _Logfile       (abs) 2F50
_Lrxpos        bss   82C3  _MainBuffer    (abs) 362D
_Maxdrive      (abs) 313E  _Mci           (abs) 3142
_Modem         (abs) 3078  _Msgfile       (abs) 2F28
_Mspeed        (abs) 31AA  _Myattn        data  7CD4
_Nflag         data  7F70  _Noeofseen     bss   81B5
_Nozmodem      (abs) 319C  _Online        (abs) 2F22
_Overdrive     (abs) 3786  _Overuser      (abs) 3778
_PFlag         (abs) 2F1C  _ParityMask    (abs) 2F26
_Pathlist      (abs) 3627  _Pathname      (abs) 36F6
_Pbufsiz       (abs) 313C  _Phonefile     (abs) 2F3C
_Prtbottom     (abs) 3631  _Prtbuf        (abs) 3625
_Prthead       (abs) 377C  _Prttail       (abs) 377E
_Prttop        (abs) 377A  _Quiet         data  7F6E
_QuitFlag      (abs) 318E  _RemEcho       (abs) 2F20
_Rxascii       data  7F74  _Rxbinary      data  7F72
_Rxbuflen      data  7CD9  _Rxcount       bss   82D1
_Rxflags       data  7CDB  _Rxframeind    bss   82A3
_Rxhdr         bss   82D3  _Rxpos         bss   82B7
_Rxptr         bss   8207  _Rxtimeout     data  7F78
_Rxtype        bss   82BB  _Secbuf        bss   82C1
_Sending       (abs) 3198  _Sprint        (abs) 3157
_StopFlag      (abs) 3190  _Stopped       (abs) 31A8
_Termovly      (abs) 2F8A  _Thefcb        (abs) 3647
_Totsecs       bss   81AB  _Tryzhdrtype   bss   8209
_Txbuf         bss   81A3  _Txfcs32       bss   82CD
_Txhdr         bss   827A  _Txpos         bss   82C9
_TxtPtr        (abs) 31A6  _Txwcnt        bss   81B3
_Txwindow      data  7CD7  _Txwspac       bss   81C1
_Userid        (abs) 3780  _Userover      (abs) 362B
_Verbose       data  7F6C  _Wantfcs32     (abs) 31AE
_Wcsmask       data  7F6A  _Wheel         (abs) 31AC
_Xferovly      (abs) 2F93  _Xmodem        (abs) 31A0
_XonXoff       (abs) 3194  _XonXoffOk     (abs) 3196
_Zconv         bss   82D7  _Zctlesc       bss   82DF
_Zmanag        bss   82DC  _Zmodem        (abs) 319A
_Znulls        bss   82DA  _Zrwindow      (abs) 31A2
_Ztrans        bss   82A5  __Hbss         (abs) 89D4
__Hdata        (abs) 360C  __Htext        (abs) 2F19
__Lbss         (abs) 360C  __Ldata        (abs) 2F19
__Ltext        (abs) 0000  __argc_        (abs) 89BF
__bufallo      (abs) 1C69  __buffree      (abs) 1C93
__cleanup      (abs) 1B5D  __cpm_clean    (abs) 26CE
__ctype_       (abs) 357A  __doprnt       (abs) 166D
__exit         (abs) 2731  __fcb          (abs) 342A
__filbuf       (abs) 1AA2  __flsbuf       (abs) 1977
__fsize        text  71BA  __getargs      (abs) 1CC5
__iob          (abs) 33D9  __pnum         (abs) 2B8B
__putrno       (abs) 26F0  __sibuf        (abs) 87BD
__sigchk       (abs) 2609  _ackbibi       text  6078
_addu          (abs) 092B  _alloc         (abs) 0A10
_allocerror    (abs) 0A21  _asciisend     text  3AAD
_atoi          (abs) 274C  _atol          text  60CA
_bdos          (abs) 266F  _bdoshl        (abs) 268D
_bios          (abs) 26A3  _bmove         (abs) 2E05
_box           (abs) 113B  _bringin       text  38A7
_brk           (abs) 2E48  _canit         text  5828
_checkpath     text  3C03  _checksp       (abs) 2E7C
_chrin         (abs) 0963  _close         (abs) 2255
_closeit       text  5FD8  _clrbox        (abs) 12A6
_clrline       text  5903  _clrreports    text  5838
_cls           (abs) 0155  _crcrept       text  5E32
_creat         text  739C  _ctr           (abs) 0FEA
_curfname      (abs) 37AC  _deinitv       (abs) 0170
_deldrive      (abs) 092C  _dio           (abs) 095A
_dreport       text  5891  _dtroff        (abs) 0179
_dtron         (abs) 0176  _endstat       text  396A
_exit          (abs) 1CAF  _expand        (abs) 0E29
_ext_vector    (abs) 37A6  _fc_parse      (abs) 23CF
_fclose        (abs) 1B82  _fflush        (abs) 1BE9
_fgetc         (abs) 1A1E  _filbuf        text  47B6
_filelength    (abs) 0C08  _flush         (abs) 0982
_fnptr         (abs) 37AE  _fputc         (abs) 191F
_frametypes    data  7F7A  _free          (abs) 29D9
_freepath      (abs) 0874  _fstat         (abs) 0BC7
_getch         (abs) 0970  _getfcb        (abs) 22ED
_getfirst      (abs) 0C99  _getinsync     text  4EDC
_getline       (abs) 14B1  _getnak        text  42F7
_getnext       (abs) 0CCB  _getpathname   (abs) 07A5
_getuid        (abs) 2649  _getvars       (abs) 018B
_getvarsr      (abs) 013D  _getzrxinit    text  4890
_grabmem       (abs) 0743  _hidecurs      (abs) 015E
_in_count      (abs) 37A8  _index         (abs) 2794
_initace       (abs) 017C  _initv         (abs) 016D
_isin          (abs) 0B09  _itoa          text  415F
_jb_stop       bss   815D  _kbwait        (abs) 0A61
_killlabel     (abs) 10F8  _linetolist    (abs) 07ED
_loc_vector    (abs) 37AA  _locate        (abs) 0152
_longjmp       text  753E  _lreport       text  58B1
_lseek         text  7289  _ltoa          text  420C
_main          (abs) 053D  _malloc        (abs) 2800
_max           (abs) 2B15  _mcharinp      (abs) 1348
_mcharout      (abs) 1367  _mchin         (abs) 0143
_mchout        (abs) 0146  _mdmerror      (abs) 0173
_memset        text  7475  _mgetchar      (abs) 10FB
_minprdy       (abs) 1378  _minterru      (abs) 016A
_mirdy         (abs) 014C  _moutrdy       (abs) 0149
_movmem        (abs) 2E05  _mrd           (abs) 0140
_mread         (abs) 12EA  _mstrout       (abs) 0B4E
_mswait        (abs) 0182  _newload       text  4808
_noxrd7        text  708F  _opabort       (abs) 1010
_open          (abs) 1D13  _openerror     (abs) 09B1
_ovbgn         (abs) 37B0  _ovloader      (abs) 138E
_ovmain        text  37B0  _ovsize        (abs) 14AD
_ovstart       (abs) 14AF  _perror        (abs) 0A45
_printf        (abs) 15CC  _process_flist (abs) 0CE9
_procheader    text  5740  _protocol      text  39AA
_purgeline     (abs) 09A4  _putfcb        (abs) 232C
_putlabel      (abs) 10C3  _putsec        text  5E5D
_rclhdr        text  711F  _read          (abs) 1DD1
_readline      (abs) 10AD  _readock       (abs) 1048
_readstr       (abs) 0AA8  _realloc       (abs) 29F3
_rename        text  733B  _report        (abs) 0B2F
_reset         (abs) 08AF  _restcurs      (abs) 0167
_rlabel        text  6177  _roundup       (abs) 0C66
_rzfile        text  5B3A  _rzmfile       text  5AF8
_savecurs      (abs) 0164  _saybibi       text  505F
_sbrk          (abs) 2E50  _screenpr      (abs) 013D
_sendbrk       (abs) 014F  _sendout       text  37D7
_sendzsinit    text  4975  _setfcb        (abs) 233F
_setjmp        text  7511  _setport       (abs) 018E
_setuid        (abs) 265D  _showcurs      (abs) 0161
_signal        (abs) 25D6  _slabel        text  5129
_sprintf       (abs) 15EB  _sreport       text  58D9
_statrep       text  5E0E  _stindex       (abs) 152D
_stndend       (abs) 015B  _stndout       (abs) 0158
_stohdr        text  70D6  _strcat        (abs) 2E98
_strcpy        (abs) 2EB3  _strlen        (abs) 2EC5
_substr        text  57F3  _testexist     text  5F4A
_testrxc       text  3D14  _tfclose       text  5116
_tryz          text  5917  _ttime         text  50AA
_udbg          (abs) 0191  _unlink        text  7416
_updc32        text  3A69  _updcrc        text  3A31
_userin        (abs) 0185  _userout       (abs) 0188
_vcount        (abs) 37A4  _wait          (abs) 017F
_wcgetsec      text  54D2  _wcputsec      text  454C
_wcreceive     text  513E  _wcrx          text  5377
_wcrxpn        text  5304  _wcs           text  3F59
_wcsend        text  3DB2  _wctx          text  4385
_wctxpn        text  4032  _wrerror       (abs) 09F4
_write         (abs) 2039  _xmchout       text  3CFC
_zdlread       text  6F5D  _zgeth1        text  6EE2
_zgethdr       text  6903  _zgethex       text  6ED2
_zmputs        text  5EF4  _zperr         text  585C
_zputhex       text  6DEB  _zrb32hdr      text  6C2C
_zrbhdr        text  6B70  _zrdat32       text  672F
_zrdata        text  65CD  _zrhhdr        text  6D17
_zsbh32        text  6282  _zsbhdr        text  6180
_zsda32        text  64FF  _zsdata        text  6428
_zsendfile     text  4A0C  _zsendline     text  6E23
_zshhdr        text  6347  _zsndfdata     text  4B0E
abort          (abs) 01A0  adiv           (abs) 2B32
aladd          (abs) 27CF  aland          text  74FC
aldiv          (abs) 2D31  allsh          text  74B2
almod          (abs) 2D58  almul          text  75C1
alor           text  7564  alrsh          (abs) 2E34
alsub          text  759C  alxor          text  75AC
amod           (abs) 2B23  amul           (abs) 2E15
arelop         text  7579  arg            (abs) 0006
asadiv         text  74D5  asaladd        (abs) 273C
asaldiv        (abs) 2D1C  asallsh        text  74A0
asalmod        (abs) 2D6A  asalmul        text  74F3
asalrsh        text  74C3  asamul         (abs) 2785
asldiv         text  74E4  aslladd        (abs) 273C
aslldiv        (abs) 2D50  aslllsh        text  74A0
asllmod        (abs) 2D7D  asllmul        text  74F3
aslmul         (abs) 2785  bdos           (abs) 0005
brelop         (abs) 27DD  cout           (abs) 0206
cr             (abs) 000D  cret           (abs) 2EDF
csv            (abs) 2ED3  entry          (abs) 0005
func           (abs) 0006  indir          (abs) 2EE6
iregset        (abs) 27A9  iregstore      (abs) 27C3
ldiv           (abs) 2B2D  lf             (abs) 000A
lladd          (abs) 27CF  lland          text  74FC
lldiv          (abs) 2D44  lllsh          text  74B2
llmod          (abs) 2D72  llmul          text  75C1
llor           text  7564  llsub          text  759C
llxor          text  75AC  lmod           (abs) 2B28
lmul           (abs) 2E15  lrelop         text  7579
ncsv           (abs) 2EE7  nularg         (abs) 3419
print          (abs) 01F9  print1         (abs) 01FA
print2         (abs) 0201  rcsv           (abs) 2EFB
sguid          (abs) 0020  shal           (abs) 2E8B
shar           text  7600  shll           (abs) 2E8B
shlr           text  7610  size           (abs) 5000
start          (abs) 0100  startup        (abs) 1CC2
userdef        (abs) 013D  wrelop         (abs) 27F1
