Machine type is Z80

p:zmxfer.obj    text         3047      A16	data         7639      6F7
		bss          819A      53D

p:zmxfer.lib
p:zmxfer2.obj   text         3A5D      ADE	data         7D30       E3
		bss          86D7       5E
p:zmxfer3.obj   text         453B      8AE	data         7E13       46
		bss          8735       24
p:zmxfer4.obj   text         4DE9      761	data         7E59       DB
		bss          8759       24
p:zmxfer5.obj   text         554A      924	data         7F34       92
		bss          877D       3F
p:zzm.obj       text         5E6E      9F0	data         7FC6      188
		bss          87BC       97
p:zzm2.obj      text         685E      64A	data         814E       4C
		bss          8853       22
p:main.obj      

p:libx.lib
p:getline.obj   text         6EA8       2B

p:libc.lib
sprintf.obj     text         6ED3       41	bss          8875        8
gets.obj        text         6F14       BE
fgetc.obj       text         6FD2       84
filbuf.obj      text         7056       BB
seek.obj        text         7111      181
rename.obj      text         7292       61
creat.obj       text         72F3       7A
unlink.obj      text         736D       5F
getch.obj       text         73CC       B5	bss          887D        2
memset.obj      text         7481       2B
asallsh.obj     text         74AC       12
allsh.obj       text         74BE       11
asalrsh.obj     text         74CF       12
asdiv.obj       text         74E1       1E
aslmul.obj      text         74FF        9
land.obj        text         7508       15
longjmp.obj     text         751D       53
lor.obj         text         7570       15
lrelop.obj      text         7585       23
lsub.obj        text         75A8       10
lxor.obj        text         75B8       15
lmul.obj        text         75CD       3F
shar.obj        text         760C       10
shll.obj        text         761C        D
shlr.obj        text         7629       10

TOTAL		Name         Link     Load   Length
		(abs)           0        0        0
		text         3047     3047     45F2
		data         7639     7639      B61
		bss          819A     819A      6E5

                                  Symbol Table

EXITSTS              (abs) 0080  _Attn                bss   87F4
_BFlag               (abs) 287C  _Baudrate            bss   884F
_Baudtable           (abs) 2AD4  _Beenhereb4          bss   8717
_Blklen              (abs) 2B00  _Book                (abs) 3032
_Buf                 (abs) 2FA4  _Bufsize             (abs) 2B06
_Buftop              (abs) 3026  _Bytcnt              bss   872B
_Cfgfile             (abs) 28C6  _Chardelay           (abs) 2ACE
_Configovly          (abs) 28DA  _Cpbufsize           bss   8831
_Cpindex             data  7FD2  _Cpmbuf              bss   87E8
_Crc32               bss   87F2  _Crc32t              bss   882F
_Crcflag             (abs) 2AF4  _Currdrive           (abs) 3024
_Current             (abs) 2F9B  _Curruser            (abs) 3034
_Dialing             (abs) 2F59  _Dontread            bss   8723
_Eofseen             bss   8839  _Errors              bss   884A
_FDx                 (abs) 2880  _Fd                  bss   87F0
_Filcnt              bss   8731  _Filter              (abs) 2886
_FirsTerm            (abs) 2AD2  _Firstsec            bss   87EA
_Fs                  bss   8818  _Incnt               bss   8729
_Inhost              (abs) 2AA2  _Initovly            (abs) 28E3
_Invokdrive          (abs) 2FA2  _Invokuser           (abs) 3038
_KbMacro             (abs) 28FE  _Lastkey             (abs) 2F5F
_Lastlog             (abs) 2F63  _Lastn               bss   872F
_Lastread            bss   8719  _Lastrx              bss   8841
_Lastsync            bss   871F  _Line                (abs) 2A97
_Linedelay           (abs) 2AD0  _Logfile             (abs) 28B2
_Lrxpos              bss   8835  _MainBuffer          (abs) 2F5D
_Maxdrive            (abs) 2AA0  _Mci                 (abs) 2AA4
_Modem               (abs) 29DA  _Msgfile             (abs) 288A
_Mspeed              (abs) 2B0C  _Myattn              data  7D30
_Nflag               data  7FCC  _Noeofseen           bss   8727
_Nozmodem            (abs) 2AFE  _Online              (abs) 2884
_Overdrive           (abs) 3036  _Overuser            (abs) 3028
_PFlag               (abs) 287E  _ParityMask          (abs) 2888
_Pbufsiz             (abs) 2A9E  _Phonefile           (abs) 289E
_Prtbottom           (abs) 2F61  _Prtbuf              (abs) 2F57
_Prthead             (abs) 302C  _Prttail             (abs) 302E
_Prttop              (abs) 302A  _Quiet               data  7FCA
_QuitFlag            (abs) 2AF0  _RemEcho             (abs) 2882
_Rxascii             data  7FD0  _Rxbinary            data  7FCE
_Rxbuflen            data  7D35  _Rxcount             bss   8843
_Rxflags             data  7D37  _Rxframeind          bss   8815
_Rxhdr               bss   8845  _Rxpos               bss   8829
_Rxptr               bss   8779  _Rxtimeout           data  7FD4
_Rxtype              bss   882D  _Secbuf              bss   8833
_Sending             (abs) 2AFA  _Sprint              (abs) 2AB9
_StopFlag            (abs) 2AF2  _Stopped             (abs) 2B0A
_Termovly            (abs) 28EC  _Thefcb              (abs) 2F77
_Totsecs             bss   871D  _Tryzhdrtype         bss   877B
_Txbuf               bss   8715  _Txfcs32             bss   883F
_Txhdr               bss   87EC  _Txpos               bss   883B
_TxtPtr              (abs) 2B08  _Txwcnt              bss   8725
_Txwindow            data  7D33  _Txwspac             bss   8733
_Userid              (abs) 3030  _Userover            (abs) 2F5B
_Verbose             data  7FC8  _Wantfcs32           (abs) 2B10
_Wcsmask             data  7FC6  _Wheel               (abs) 2B0E
_Xferovly            (abs) 28F5  _Xmodem              (abs) 2B02
_XonXoff             (abs) 2AF6  _XonXoffOk           (abs) 2AF8
_Zconv               bss   8849  _Zctlesc             bss   8851
_Zmanag              bss   884E  _Zmodem              (abs) 2AFC
_Znulls              bss   884C  _Zrwindow            (abs) 2B04
_Ztrans              bss   8817  __Hbss               (abs) 8254
__Hdata              (abs) 2F46  __Htext              (abs) 287B
__Lbss               (abs) 2F46  __Ldata              (abs) 287B
__Ltext              (abs) 0000  __argc_              (abs) 824E
__bufallo            (abs) 18ED  __buffree            (abs) 1917
__cleanup            (abs) 17E1  __cpm_clean          (abs) 2352
__cpm_sdcc_heap      (abs) 2D06  __cpm_sdcc_heap_free (abs) 2D0A
__cpm_sdcc_heap_size (abs) 2D08  __ctype_             (abs) 2EB4
__doprnt             (abs) 1430  __exit               (abs) 23B5
__fcb                (abs) 2D64  __filbuf             text  7056
__flsbuf             (abs) 173A  __fsize              text  7111
__getargs            (abs) 1949  __init_heap          (abs) 10B2
__iob                (abs) 2D13  __pnum               (abs) 24FA
__putrno             (abs) 2374  __sibuf              (abs) 804C
__sigchk             (abs) 228D  _ackbibi             text  5D66
_addu                (abs) 086A  _allocerror          (abs) 094F
_asciisend           text  336A  _atoi                (abs) 23D0
_atol                text  5DB8  _bdos                (abs) 22F3
_bdoshl              (abs) 2311  _bios                (abs) 2327
_bmove               (abs) 2774  _box                 (abs) 0D68
_bringin             text  3153  _brk                 (abs) 27B7
_canit               text  5516  _checkpath           text  34C0
_checksp             (abs) 27EB  _chrin               (abs) 08A2
_close               (abs) 1ED9  _closeit             text  5CC6
_clrbox              (abs) 0EAB  _clrline             text  55F1
_clrreports          text  5526  _cls                 (abs) 0155
_cpm_free            (abs) 1212  _cpm_malloc          (abs) 10E8
_crcrept             text  5B20  _creat               text  72F3
_ctr                 (abs) 0C17  _curfname            bss   85CC
_deinitv             (abs) 0170  _deldrive            (abs) 086B
_dio                 (abs) 0899  _dreport             text  557F
_dtroff              (abs) 0179  _dtron               (abs) 0176
_endstat             text  3218  _exit                (abs) 1933
_fc_parse            (abs) 2053  _fclose              (abs) 1806
_fflush              (abs) 186D  _fgetc               text  6FD2
_fgets               text  6F14  _filbuf              text  4461
_filelength          (abs) 0B36  _flush               (abs) 08C1
_fputc               (abs) 16E2  _frametypes          data  7FD6
_freepath            text  3737  _fstat               (abs) 0AF5
_getch               text  73CC  _getche              text  7409
_getchi              (abs) 08AF  _getfcb              (abs) 1F71
_getfirst            (abs) 0BC7  _getinsync           text  4B87
_getline             text  6EA8  _getnak              text  3FA2
_getnext             (abs) 0BF9  _getpathname         text  3671
_gets                text  6F8C  _getuid              (abs) 22CD
_getvars             (abs) 018B  _getvarsr            (abs) 013D
_getzrxinit          text  453B  _grabmem             (abs) 077F
_hidecurs            (abs) 015E  _index               (abs) 2418
_initace             (abs) 017C  _initv               (abs) 016D
_isin                (abs) 0A37  _itoa                text  3E0A
_jb_stop             bss   86CF  _kbhit               text  746D
_kbwait              (abs) 098F  _killlabel           (abs) 0D25
_linetolist          text  36C1  _loc_vector          bss   83CE
_locate              (abs) 0152  _longjmp             text  754A
_lreport             text  559F  _lseek               text  71E0
_ltoa                text  3EB7  _main                (abs) 053D
_max                 (abs) 2484  _mcharinp            (abs) 0F4D
_mcharout            (abs) 0F6C  _mchin               (abs) 0143
_mchout              (abs) 0146  _mdmerror            (abs) 0173
_memset              text  7481  _mgetchar            (abs) 0D28
_minprdy             (abs) 0F7D  _minterru            (abs) 016A
_mirdy               (abs) 014C  _moutrdy             (abs) 0149
_movmem              (abs) 2774  _mrd                 (abs) 0140
_mread               (abs) 0EEF  _mstrout             (abs) 0A7C
_mswait              (abs) 0182  _newload             text  44B3
_noxrd7              text  6D7D  _opabort             (abs) 0C3D
_open                (abs) 1997  _openerror           (abs) 08F0
_ovbgn               (abs) 3047  _ovloader            (abs) 0F93
_ovmain              text  3047  _ovsize              (abs) 132D
_ovstart             (abs) 132F  _perror              (abs) 0973
_printf              (abs) 13D0  _process_flist       text  376D
_procheader          text  5418  _protocol            text  325D
_purgeline           (abs) 08E3  _putc8               (abs) 0194
_putch               text  7446  _putfcb              (abs) 1FB0
_putlabel            (abs) 0CF0  _putsec              text  5B4B
_rclhdr              text  6E0D  _read                (abs) 1A55
_readline            (abs) 0CDA  _readock             (abs) 0C75
_readstr             (abs) 09D6  _rename              text  7292
_report              (abs) 0A5D  _reset               (abs) 07EE
_restcurs            (abs) 0167  _rlabel              text  5E65
_roundup             (abs) 0B94  _rzfile              text  5828
_rzmfile             text  57E6  _savecurs            (abs) 0164
_saybibi             text  4D0A  _sbrk                (abs) 27BF
_screenpr            (abs) 013D  _sendbrk             (abs) 014F
_sendout             text  306E  _sendzsinit          text  4620
_setfcb              (abs) 1FC3  _setjmp              text  751D
_setport             (abs) 018E  _setuid              (abs) 22E1
_showcurs            (abs) 0161  _signal              (abs) 225A
_slabel              text  4DD4  _sprintf             text  6ED3
_sreport             text  55C7  _statrep             text  5AFC
_stindex             (abs) 1331  _stndend             (abs) 015B
_stndout             (abs) 0158  _stohdr              text  6DC4
_strcat              (abs) 27FA  _strcpy              (abs) 2815
_strlen              (abs) 2827  _substr              text  54E1
_testexist           text  5C38  _testrxc             text  35D3
_tfclose             text  4DC1  _tryz                text  5605
_ttime               text  4D55  _udbg                (abs) 0191
_ungetch             text  7438  _unlink              text  736D
_updc32              text  3326  _updcrc              text  32EE
_userin              (abs) 0185  _userout             (abs) 0188
_vcount              bss   83CC  _wait                (abs) 017F
_wcgetsec            text  51AA  _wcputsec            text  41F7
_wcreceive           text  4DE9  _wcrx                text  504F
_wcrxpn              text  4FDC  _wcs                 text  3C04
_wcsend              text  3A5D  _wctx                text  4030
_wctxpn              text  3CDD  _wrerror             (abs) 0933
_write               (abs) 1CBD  _xmchout             text  35BB
_zdlread             text  6C4B  _zgeth1              text  6BD0
_zgethdr             text  65F1  _zgethex             text  6BC0
_zmputs              text  5BE2  _zperr               text  554A
_zputhex             text  6AD9  _zrb32hdr            text  691A
_zrbhdr              text  685E  _zrdat32             text  641D
_zrdata              text  62BB  _zrhhdr              text  6A05
_zsbh32              text  5F70  _zsbhdr              text  5E6E
_zsda32              text  61ED  _zsdata              text  6116
_zsendfile           text  46B7  _zsendline           text  6B11
_zshhdr              text  6035  _zsndfdata           text  47B9
abort                (abs) 01A0  adiv                 (abs) 24A1
aladd                (abs) 2453  aland                text  7508
aldiv                (abs) 26A0  allsh                text  74BE
almod                (abs) 26C7  almul                text  75CD
alor                 text  7570  alrsh                (abs) 27A3
alsub                text  75A8  alxor                text  75B8
amod                 (abs) 2492  amul                 (abs) 2784
arelop               text  7585  arg                  (abs) 0006
asadiv               text  74E1  asaladd              (abs) 23C0
asaldiv              (abs) 268B  asallsh              text  74AC
asalmod              (abs) 26D9  asalmul              text  74FF
asalrsh              text  74CF  asamul               (abs) 2409
asldiv               text  74F0  aslladd              (abs) 23C0
aslldiv              (abs) 26BF  aslllsh              text  74AC
asllmod              (abs) 26EC  asllmul              text  74FF
aslmul               (abs) 2409  bdos                 (abs) 0005
brelop               (abs) 2461  cout                 (abs) 0206
cr                   (abs) 000D  cret                 (abs) 2841
csv                  (abs) 2835  entry                (abs) 0005
func                 (abs) 0006  indir                (abs) 2848
iregset              (abs) 242D  iregstore            (abs) 2447
ldiv                 (abs) 249C  lf                   (abs) 000A
lladd                (abs) 2453  lland                text  7508
lldiv                (abs) 26B3  lllsh                text  74BE
llmod                (abs) 26E1  llmul                text  75CD
llor                 text  7570  llsub                text  75A8
llxor                text  75B8  lmod                 (abs) 2497
lmul                 (abs) 2784  lrelop               text  7585
ncsv                 (abs) 2849  nularg               (abs) 2D53
print                (abs) 01F9  print1               (abs) 01FA
print2               (abs) 0201  rcsv                 (abs) 285D
sguid                (abs) 0020  shal                 text  761C
shar                 text  760C  shll                 text  761C
shlr                 text  7629  size                 (abs) 5000
start                (abs) 0100  startup              (abs) 1946
userdef              (abs) 013D  wrelop               (abs) 2475
